../Core/Src/quadspi.c:30:6:MX_QUADSPI_Init	8	static
../Core/Src/quadspi.c:59:6:HAL_QSPI_MspInit	240	static
../Core/Src/quadspi.c:130:6:HAL_QSPI_MspDeInit	16	static
../Core/Src/quadspi.c:165:8:QSPI_W25Qxx_Init	16	static
../Core/Src/quadspi.c:191:8:QSPI_W25Qxx_AutoPollingMemReady	88	static
../Core/Src/quadspi.c:233:8:QSPI_W25Qxx_Reset	64	static
../Core/Src/quadspi.c:281:10:QSPI_W25Qxx_ReadID	72	static
../Core/Src/quadspi.c:325:8:QSPI_W25Qxx_MemoryMappedMode	72	static
../Core/Src/quadspi.c:361:8:QSPI_W25Qxx_WriteEnable	88	static
../Core/Src/quadspi.c:422:8:QSPI_W25Qxx_SectorErase	72	static
../Core/Src/quadspi.c:474:8:QSPI_W25Qxx_BlockErase_32K	72	static
../Core/Src/quadspi.c:527:8:QSPI_W25Qxx_BlockErase_64K	72	static
../Core/Src/quadspi.c:579:8:QSPI_W25Qxx_ChipErase	88	static
../Core/Src/quadspi.c:651:8:QSPI_W25Qxx_WritePage	80	static
../Core/Src/quadspi.c:715:8:QSPI_W25Qxx_WriteBuffer	40	static
../Core/Src/quadspi.c:778:8:QSPI_W25Qxx_ReadBuffer	80	static
