core_cm3.h:1876:26:ITM_SendChar	16	static,ignoring_inline_asm
main.c:113:5:_write	32	static
main.c:132:8:user_i2c_read	24	static
main.c:142:6:user_delay_ms	16	static
main.c:146:8:user_i2c_write	32	static
main.c:162:6:HAL_UART_IDLE_Callback	40	static
main.c:205:6:HAL_UART_RxCpltCallback	24	static
main.c:227:5:main	8	static
main.c:350:6:SystemClock_Config	72	static
main.c:386:13:MX_I2C1_Init	8	static
main.c:418:13:MX_USART1_UART_Init	8	static
main.c:449:13:MX_GPIO_Init	24	static
main.c:469:6:StartDefaultTask	16	static
main.c:485:6:Start_BME280_Task	88	static
main.c:532:6:Start_MHZ19B_Task	16	static
main.c:553:6:HAL_TIM_PeriodElapsedCallback	16	static
main.c:569:6:Error_Handler	4	static,ignoring_inline_asm
