../Drivers/CMSIS/Include/core_cm3.h:1876:26:ITM_SendChar	16	static,ignoring_inline_asm
../Core/Src/main.c:71:5:_write	32	static
../Core/Src/main.c:83:6:HAL_RTC_AlarmAEventCallback	16	static
../Core/Src/main.c:93:5:main	48	static
../Core/Src/main.c:205:6:SystemClock_Config	88	static
../Core/Src/main.c:253:13:MX_RTC_Init	16	static
../Core/Src/main.c:311:13:MX_USART1_UART_Init	8	static
../Core/Src/main.c:344:13:MX_GPIO_Init	40	static
../Core/Src/main.c:382:6:HAL_TIM_PeriodElapsedCallback	16	static
../Core/Src/main.c:399:6:Error_Handler	4	static,ignoring_inline_asm
