../Drivers/CMSIS/Include/core_cm7.h:2660:26:ITM_SendChar	16	static,ignoring_inline_asm
../Core/Src/main.c:83:5:_write	32	static
../Core/Src/main.c:102:5:main	24	static,ignoring_inline_asm
../Core/Src/main.c:197:6:SystemClock_Config	120	static
../Core/Src/main.c:258:13:MX_USART2_UART_Init	8	static
../Core/Src/main.c:306:13:MX_GPIO_Init	40	static
../Core/Src/main.c:338:6:StartDefaultTask	16	static
../Core/Src/main.c:356:6:Start_LED_ON_Task	16	static
../Core/Src/main.c:382:6:Start_LED_OFF_Task	16	static
../Core/Src/main.c:403:6:MPU_Config	24	static
../Core/Src/main.c:446:6:HAL_TIM_PeriodElapsedCallback	16	static
../Core/Src/main.c:463:6:Error_Handler	4	static,ignoring_inline_asm
