../Drivers/CMSIS/Include/core_cm4.h:2064:26:ITM_SendChar	16	static,ignoring_inline_asm
../Core/Src/main.c:68:5:_write	32	static
../Core/Src/main.c:87:5:main	16	static
../Core/Src/main.c:163:6:SystemClock_Config	88	static
../Core/Src/main.c:210:13:MX_RTC_Init	72	static
../Core/Src/main.c:292:13:MX_USART6_UART_Init	8	static
../Core/Src/main.c:325:13:MX_GPIO_Init	48	static
../Core/Src/main.c:358:6:HAL_RTC_AlarmAEventCallback	16	static
../Core/Src/main.c:373:6:HAL_TIM_PeriodElapsedCallback	16	static
../Core/Src/main.c:390:6:Error_Handler	4	static,ignoring_inline_asm
