Lan_zagatovkaOLD.c:161:10:ssi_handler	112	static
Lan_zagatovkaOLD.c:624:13:CGIForm_Handler	32	static
Lan_zagatovkaOLD.c:640:13:CGIForm_Handler1	32	static
Lan_zagatovkaOLD.c:668:13:CGIForm_Handler2	32	static
Lan_zagatovkaOLD.c:685:13:CGIForm_Handler3	80	static
Lan_zagatovkaOLD.c:904:13:CGIForm_Handler4	40	static
Lan_zagatovkaOLD.c:1039:7:httpd_post_begin	24	static
Lan_zagatovkaOLD.c:1062:7:httpd_post_receive_data	16	static
Lan_zagatovkaOLD.c:1087:6:httpd_post_finished	1176	static
Lan_zagatovkaOLD.c:1228:6:http_server_init	8	static
