core_cm3.h:1876:26:ITM_SendChar	16	static,ignoring_inline_asm
main.c:105:5:_write	32	static
main.c:112:6:rgb_set	16	static
main.c:120:6:HAL_UART_IDLE_Callback	24	static
main.c:157:6:HAL_UART_RxCpltCallback	24	static
main.c:184:8:user_i2c_read	24	static
main.c:194:6:user_delay_ms	16	static
main.c:198:8:user_i2c_write	32	static
main.c:217:5:main	8	static
main.c:353:6:SystemClock_Config	88	static
main.c:395:13:MX_ADC1_Init	24	static
main.c:437:13:MX_I2C1_Init	8	static
main.c:469:13:MX_TIM2_Init	64	static
main.c:532:13:MX_USART1_UART_Init	8	static
main.c:563:13:MX_GPIO_Init	24	static
main.c:583:6:Start_BME280_Task	24	static
main.c:612:6:Start_PhotoResistor_Task	16	static
main.c:634:6:Start_RGB_LED_Task	16	static
main.c:657:6:Start_CO2_Task	16	static
main.c:678:6:HAL_TIM_PeriodElapsedCallback	16	static
main.c:694:6:Error_Handler	4	static,ignoring_inline_asm
