core_cm3.h:1876:26:ITM_SendChar	16	static,ignoring_inline_asm
main.c:111:5:_write	32	static
main.c:118:6:rgb_set	16	static
main.c:126:6:HAL_UART_IDLE_Callback	24	static
main.c:167:6:HAL_UART_RxCpltCallback	24	static
main.c:194:8:user_i2c_read	24	static
main.c:204:6:user_delay_ms	16	static
main.c:208:8:user_i2c_write	32	static
main.c:227:5:main	8	static
main.c:364:6:SystemClock_Config	88	static
main.c:406:13:MX_ADC1_Init	24	static
main.c:448:13:MX_I2C1_Init	8	static
main.c:480:13:MX_TIM2_Init	64	static
main.c:543:13:MX_USART1_UART_Init	8	static
main.c:574:13:MX_GPIO_Init	24	static
main.c:594:6:Start_BME280_Task	48	static
main.c:653:6:Start_PhotoResistor_Task	16	static
main.c:680:6:Start_RGB_LED_Task	16	static
main.c:713:6:Start_CO2_Task	24	static
main.c:742:6:HAL_TIM_PeriodElapsedCallback	16	static
main.c:758:6:Error_Handler	4	static,ignoring_inline_asm
