../Drivers/CMSIS/Include/core_cm3.h:1876:26:ITM_SendChar	16	static,ignoring_inline_asm
../Core/Src/main.c:56:5:_write	32	static
../Core/Src/main.c:73:6:HAL_TIM_IC_CaptureCallback	16	static
../Core/Src/main.c:86:5:main	8	static
../Core/Src/main.c:131:6:SystemClock_Config	72	static
../Core/Src/main.c:171:13:MX_TIM2_Init	56	static
../Core/Src/main.c:220:13:MX_USART1_UART_Init	8	static
../Core/Src/main.c:253:13:MX_GPIO_Init	40	static
../Core/Src/main.c:296:6:HAL_TIM_PeriodElapsedCallback	16	static
../Core/Src/main.c:313:6:Error_Handler	4	static,ignoring_inline_asm
