Modbus.c:119:6:RingAdd	16	static
Modbus.c:138:9:RingGetAllBytes	16	static
Modbus.c:144:9:RingGetNBytes	32	static
Modbus.c:162:9:RingCountBytes	16	static
Modbus.c:167:6:RingClear	16	static
Modbus.c:200:6:ModbusInit	24	static
Modbus.c:318:6:ModbusStart	16	static
Modbus.c:444:6:vTimerCallbackT35	32	static
Modbus.c:463:6:vTimerCallbackTimeout	24	static
Modbus.c:624:6:StartTaskModbusSlave	24	static
Modbus.c:764:6:ModbusQuery	16	static
Modbus.c:779:6:ModbusQueryInject	16	static
Modbus.c:815:8:SendQuery	24	static
Modbus.c:1026:6:StartTaskModbusMaster	56	static
Modbus.c:1181:6:get_FC1	32	static
Modbus.c:1206:6:get_FC3	32	static
Modbus.c:1227:9:validateAnswer	24	static
Modbus.c:1282:9:getRxBuffer	24	static
Modbus.c:1323:9:validateRequest	24	static
Modbus.c:1428:10:word	24	static
Modbus.c:1446:10:calcCRC	32	static
Modbus.c:1479:6:buildException	24	static
Modbus.c:1505:13:sendTxBuffer	40	static
Modbus.c:1667:8:process_FC1	32	static
Modbus.c:1723:8:process_FC3	24	static
Modbus.c:1755:8:process_FC5	24	static
Modbus.c:1789:8:process_FC6	24	static
Modbus.c:1815:8:process_FC15	32	static
Modbus.c:1872:8:process_FC16	32	static
