../Drivers/CMSIS/Include/core_cm4.h:2064:26:ITM_SendChar	16	static,ignoring_inline_asm
../Core/Src/main.c:79:5:_write	32	static
../Core/Src/main.c:98:5:main	72	static
../Core/Src/main.c:173:6:SystemClock_Config	88	static
../Core/Src/main.c:216:13:MX_USART1_UART_Init	8	static
../Core/Src/main.c:247:13:MX_GPIO_Init	40	static
../Core/Src/main.c:288:6:StartDefaultTask	16	static
../Core/Src/main.c:307:6:Start_USB_Task	16	static
../Core/Src/main.c:411:6:HAL_TIM_PeriodElapsedCallback	16	static
../Core/Src/main.c:427:6:Error_Handler	4	static,ignoring_inline_asm
