../Core/Src/main.c:133:5:main	8	static
../Core/Src/main.c:224:6:SystemClock_Config	88	static
../Core/Src/main.c:282:13:MX_ETH_Init	8	static
../Core/Src/main.c:331:13:MX_USART3_UART_Init	8	static
../Core/Src/main.c:366:13:MX_USB_OTG_FS_PCD_Init	8	static
../Core/Src/main.c:401:13:MX_GPIO_Init	56	static
../Core/Src/main.c:448:1:__io_putchar	16	static
../Core/Src/main.c:464:6:StartDefaultTask	16	static
../Core/Src/main.c:482:6:StartTask_ON	16	static
../Core/Src/main.c:509:6:StartTask_OFF	16	static
../Core/Src/main.c:537:6:HAL_TIM_PeriodElapsedCallback	16	static
../Core/Src/main.c:554:6:Error_Handler	4	static,ignoring_inline_asm
