../Drivers/CMSIS/Include/core_cm3.h:1876:26:ITM_SendChar	16	static,ignoring_inline_asm
../Core/Src/main.c:64:5:_write	32	static
../Core/Src/main.c:78:6:printCharArray	24	static
../Core/Src/main.c:85:6:W25Qxxx	8	static
../Core/Src/main.c:140:5:main	552	static
../Core/Src/main.c:259:6:SystemClock_Config	72	static
../Core/Src/main.c:296:13:MX_SPI2_Init	8	static
../Core/Src/main.c:332:13:MX_USART3_UART_Init	8	static
../Core/Src/main.c:363:13:MX_GPIO_Init	40	static
../Core/Src/main.c:406:6:HAL_TIM_PeriodElapsedCallback	16	static
../Core/Src/main.c:422:6:Error_Handler	4	static,ignoring_inline_asm
