../Drivers/CMSIS/Include/core_cm3.h:1876:26:ITM_SendChar	16	static,ignoring_inline_asm
../Core/Src/main.c:84:6:send_uart	24	static
../Core/Src/main.c:89:5:_write	32	static
../Core/Src/main.c:144:7:play_music	24	static
../Core/Src/main.c:116:5:main	16	static
../Core/Src/main.c:229:6:SystemClock_Config	72	static
../Core/Src/main.c:266:13:MX_SPI1_Init	8	static
../Core/Src/main.c:302:13:MX_SPI2_Init	8	static
../Core/Src/main.c:338:13:MX_USART1_UART_Init	8	static
../Core/Src/main.c:367:13:MX_DMA_Init	16	static
../Core/Src/main.c:387:13:MX_GPIO_Init	40	static
../Core/Src/main.c:440:6:HAL_UARTEx_RxEventCallback	32	static
../Core/Src/main.c:510:6:HAL_TIM_PeriodElapsedCallback	16	static
../Core/Src/main.c:526:6:Error_Handler	4	static,ignoring_inline_asm
