../Core/Src/stm32f1xx_it.c:78:6:NMI_Handler	4	static
../Core/Src/stm32f1xx_it.c:93:6:HardFault_Handler	4	static
../Core/Src/stm32f1xx_it.c:108:6:MemManage_Handler	4	static
../Core/Src/stm32f1xx_it.c:123:6:BusFault_Handler	4	static
../Core/Src/stm32f1xx_it.c:138:6:UsageFault_Handler	4	static
../Core/Src/stm32f1xx_it.c:153:6:SVC_Handler	4	static
../Core/Src/stm32f1xx_it.c:166:6:DebugMon_Handler	4	static
../Core/Src/stm32f1xx_it.c:179:6:PendSV_Handler	4	static
../Core/Src/stm32f1xx_it.c:192:6:SysTick_Handler	4	static
../Core/Src/stm32f1xx_it.c:213:6:EXTI3_IRQHandler	8	static
../Core/Src/stm32f1xx_it.c:233:6:EXTI4_IRQHandler	8	static
../Core/Src/stm32f1xx_it.c:306:6:EXTI9_5_IRQHandler	8	static
../Core/Src/stm32f1xx_it.c:379:6:TIM4_IRQHandler	8	static
