core_cm4.h:2064:26:ITM_SendChar	16	static,ignoring_inline_asm
main.c:106:5:_write	32	static
main.c:125:5:main	8	static
main.c:212:6:SystemClock_Config	88	static
main.c:256:13:MX_SDIO_SD_Init	4	static
main.c:284:13:MX_USART6_UART_Init	8	static
main.c:315:13:MX_DMA_Init	16	static
main.c:336:13:MX_GPIO_Init	48	static
main.c:370:6:StartDefaultTask	16	static
main.c:390:6:Start_SDIO_Task	16	static
main.c:415:6:Start_Blink_Task	16	static
main.c:434:6:HAL_TIM_PeriodElapsedCallback	16	static
main.c:451:6:Error_Handler	4	static,ignoring_inline_asm
