ethernetif.c:81:6:HAL_ETH_MspInit	64	static
ethernetif.c:133:6:HAL_ETH_MspDeInit	16	static
ethernetif.c:180:13:low_level_init	32	static
ethernetif.c:289:14:low_level_output	48	static
ethernetif.c:373:22:low_level_input	56	static
ethernetif.c:462:6:ethernetif_input	24	static
ethernetif.c:517:7:ethernetif_init	16	static
ethernetif.c:564:7:sys_jiffies	8	static
ethernetif.c:575:7:sys_now	8	static
ethernetif.c:591:6:ethernetif_set_link	24	static
ethernetif.c:629:6:ethernetif_update_config	24	static
ethernetif.c:717:13:ethernetif_notify_conn_changed	16	static
