../Drivers/CMSIS/Include/core_cm3.h:1876:26:ITM_SendChar	16	static,ignoring_inline_asm
../Core/Src/main.c:110:5:_write	32	static
../Core/Src/main.c:123:7:median	32	static
../Core/Src/main.c:159:5:main	104	static
../Core/Src/main.c:246:6:SystemClock_Config	88	static
../Core/Src/main.c:293:13:MX_ADC1_Init	24	static
../Core/Src/main.c:340:13:MX_TIM1_Init	96	static
../Core/Src/main.c:415:13:MX_TIM2_Init	40	static
../Core/Src/main.c:461:13:MX_TIM3_Init	32	static
../Core/Src/main.c:509:13:MX_USART1_UART_Init	8	static
../Core/Src/main.c:540:13:MX_DMA_Init	16	static
../Core/Src/main.c:561:13:MX_GPIO_Init	16	static
../Core/Src/main.c:576:6:HAL_TIM_IC_CaptureCallback	144	static
../Core/Src/main.c:625:6:StartDefaultTask	24	static
../Core/Src/main.c:663:6:Start_PWM_Task	16	static
../Core/Src/main.c:687:6:Start_ADC_Task	16	static
../Core/Src/main.c:708:6:HAL_TIM_PeriodElapsedCallback	16	static
../Core/Src/main.c:725:6:Error_Handler	4	static,ignoring_inline_asm
