../Drivers/CMSIS/Include/core_cm3.h:1876:26:ITM_SendChar	16	static,ignoring_inline_asm
../Core/Src/main.c:64:5:_write	32	static
../Core/Src/main.c:83:5:main	112	static
../Core/Src/main.c:168:6:SystemClock_Config	72	static
../Core/Src/main.c:205:13:MX_USART3_UART_Init	8	static
../Core/Src/main.c:236:13:MX_GPIO_Init	40	static
../Core/Src/main.c:268:6:StartDefaultTask	24	static
../Core/Src/main.c:297:6:Start_ON_Task	16	static
../Core/Src/main.c:329:6:Start_OFF_Task	16	static
../Core/Src/main.c:362:6:HAL_TIM_PeriodElapsedCallback	16	static
../Core/Src/main.c:378:6:Error_Handler	4	static,ignoring_inline_asm
