../Core/Src/UartRingbuffer.c:41:6:Ringbuf_init	4	static
../Core/Src/UartRingbuffer.c:53:6:store_char	24	static
../Core/Src/UartRingbuffer.c:69:12:check_for	32	static
../Core/Src/UartRingbuffer.c:102:5:Uart_read	16	static
../Core/Src/UartRingbuffer.c:119:6:Uart_write	24	static
../Core/Src/UartRingbuffer.c:135:5:IsDataAvailable	4	static
../Core/Src/UartRingbuffer.c:142:6:Uart_sendstring	16	static
../Core/Src/UartRingbuffer.c:147:6:GetDataFromBuffer	56	static
../Core/Src/UartRingbuffer.c:204:6:Uart_flush	8	static
../Core/Src/UartRingbuffer.c:211:5:Uart_peek	4	static
../Core/Src/UartRingbuffer.c:229:5:Copy_upto	32	static
../Core/Src/UartRingbuffer.c:267:5:Get_after	32	static
../Core/Src/UartRingbuffer.c:283:5:Wait_for	24	static
../Core/Src/UartRingbuffer.c:328:6:Uart_isr	32	static
