core_cm3.h:1876:26:ITM_SendChar	16	static,ignoring_inline_asm
main.c:87:5:_write	32	static
main.c:110:7:median	32	static
main.c:143:6:HAL_TIM_IC_CaptureCallback	24	static
main.c:184:6:HAL_GPIO_EXTI_Callback	16	static
main.c:197:5:main	8	static
main.c:285:6:SystemClock_Config	88	static
main.c:331:13:MX_ADC1_Init	24	static
main.c:376:13:MX_TIM1_Init	96	static
main.c:451:13:MX_TIM2_Init	48	static
main.c:509:13:MX_USART3_UART_Init	8	static
main.c:542:13:MX_GPIO_Init	40	static
main.c:574:6:StartDefaultTask	16	static
main.c:592:6:Start_PID_Task	24	static
main.c:636:6:Startmy_Tachometer_Task	16	static
main.c:656:6:HAL_TIM_PeriodElapsedCallback	16	static
main.c:673:6:Error_Handler	4	static,ignoring_inline_asm
