../Drivers/CMSIS/Include/core_cm3.h:1876:26:ITM_SendChar	16	static,ignoring_inline_asm
../Core/Src/main.c:68:5:_write	32	static
../Core/Src/main.c:87:5:main	96	static
../Core/Src/main.c:175:6:SystemClock_Config	72	static
../Core/Src/main.c:215:13:MX_USART1_UART_Init	8	static
../Core/Src/main.c:248:13:MX_GPIO_Init	40	static
../Core/Src/main.c:284:6:StartDefaultTask	16	static
../Core/Src/main.c:314:6:Start_LED_Task	16	static
../Core/Src/main.c:326:6:Callback_ON	16	static
../Core/Src/main.c:335:6:Callback_OFF	16	static
../Core/Src/main.c:344:6:Once_Callback	16	static
../Core/Src/main.c:359:6:HAL_TIM_PeriodElapsedCallback	16	static
../Core/Src/main.c:376:6:Error_Handler	4	static,ignoring_inline_asm
