../Drivers/CMSIS/Include/core_cm3.h:1876:26:ITM_SendChar	16	static,ignoring_inline_asm
../Core/Src/main.c:92:5:_write	32	static
../Core/Src/main.c:104:6:MPU6050_Init	32	static
../Core/Src/main.c:138:6:MPU6050_Read_Accel	32	static
../Core/Src/main.c:160:6:MPU6050_Read_Gyro	64	static
../Core/Src/main.c:208:6:ComplementaryFilter	56	static
../Core/Src/main.c:226:5:main	32	static
../Core/Src/main.c:284:6:SystemClock_Config	72	static
../Core/Src/main.c:324:13:MX_I2C1_Init	8	static
../Core/Src/main.c:358:13:MX_USART1_UART_Init	8	static
../Core/Src/main.c:391:13:MX_GPIO_Init	24	static
../Core/Src/main.c:417:6:HAL_TIM_PeriodElapsedCallback	16	static
../Core/Src/main.c:434:6:Error_Handler	4	static,ignoring_inline_asm
