../Core/Src/main.c:132:5:main	8	static
../Core/Src/main.c:226:6:SystemClock_Config	88	static
../Core/Src/main.c:284:13:MX_ETH_Init	8	static
../Core/Src/main.c:333:13:MX_USART3_UART_Init	8	static
../Core/Src/main.c:368:13:MX_USB_OTG_FS_PCD_Init	8	static
../Core/Src/main.c:403:13:MX_GPIO_Init	56	static
../Core/Src/main.c:460:6:StartDefaultTask	16	static
../Core/Src/main.c:478:6:StartTask_ON	16	static
../Core/Src/main.c:504:6:StartTask_OFF	16	static
../Core/Src/main.c:530:6:StartTask_Test	16	static
../Core/Src/main.c:550:6:HAL_TIM_PeriodElapsedCallback	16	static
../Core/Src/main.c:567:6:Error_Handler	4	static,ignoring_inline_asm
