core_cm3.h:1876:26:ITM_SendChar	16	static,ignoring_inline_asm
main.c:96:5:_write	32	static
main.c:121:5:main	8	static
main.c:212:6:SystemClock_Config	88	static
main.c:258:13:MX_ADC1_Init	24	static
main.c:303:13:MX_TIM1_Init	96	static
main.c:378:13:MX_USART1_UART_Init	8	static
main.c:411:13:MX_USART3_UART_Init	8	static
main.c:444:13:MX_GPIO_Init	40	static
main.c:477:6:HAL_GPIO_EXTI_Callback	16	static
main.c:492:6:StartDefaultTask	16	static
main.c:510:6:Start_Dimmer_Task	24	static
main.c:567:6:Start_DS18B20_Task	16	static
main.c:588:6:Start_Blink_Task	16	static
main.c:608:6:HAL_TIM_PeriodElapsedCallback	16	static
main.c:625:6:Error_Handler	4	static,ignoring_inline_asm
