OneWire.c:41:10:USART_ReceiveData	16	static
OneWire.c:50:6:USART_SendData	16	static
OneWire.c:63:6:usart_setup	16	static,ignoring_inline_asm
OneWire.c:82:6:owInit	32	static
OneWire.c:97:6:owReadHandler	24	static
OneWire.c:116:12:owResetCmd	16	static
OneWire.c:128:9:getUsartIndex	4	static
OneWire.c:136:6:owSend	16	static
OneWire.c:142:9:owReadSlot	16	static
OneWire.c:146:10:owEchoRead	16	static
OneWire.c:153:10:byteToBits	24	static
OneWire.c:172:6:owSendByte	32	static
OneWire.c:182:9:bitsToByte	24	static
OneWire.c:196:9:owCRC	24	static
OneWire.c:214:9:owCRC8	16	static
OneWire.c:225:5:hasNextRom	40	static
OneWire.c:273:5:owSearchCmd	24	static
OneWire.c:285:6:owSkipRomCmd	16	static
OneWire.c:290:6:owMatchRomCmd	24	static
OneWire.c:298:6:owConvertTemperatureCmd	16	static
OneWire.c:312:10:owReadScratchpadCmd	32	static
OneWire.c:339:6:owWriteDS18B20Scratchpad	24	static
OneWire.c:358:13:readTemperature	56	static
OneWire.c:387:6:owCopyScratchpadCmd	16	static
OneWire.c:392:6:owRecallE2Cmd	16	static
OneWire.c:398:5:get_ROMid	56	static,ignoring_inline_asm
OneWire.c:434:6:get_Temperature	16	static
