../Core/Src/vs1053_ini.c:43:13:SpiInit	16	static
../Core/Src/vs1053_ini.c:51:16:SPI_sendByte	24	static
../Core/Src/vs1053_ini.c:66:6:vs1053_init	8	static
../Core/Src/vs1053_ini.c:78:6:vs1053_reset	16	static
../Core/Src/vs1053_ini.c:121:6:vs1053_sinewave_beep	40	static
../Core/Src/vs1053_ini.c:147:6:vs1053_isDataReq	4	static
../Core/Src/vs1053_ini.c:157:6:vs1053_send32	24	static
../Core/Src/vs1053_ini.c:168:6:vs1053_setvolume	24	static
../Core/Src/vs1053_ini.c:181:6:vs1053_writeCommand	16	static
../Core/Src/vs1053_ini.c:194:6:vs1053_writeData	16	static
../Core/Src/vs1053_ini.c:205:10:vs1053_readData	24	static
