http_ssi.c:61:10:ssi_handler	40	static
http_ssi.c:121:13:CGIForm_Handler	32	static
http_ssi.c:178:1:find_header_name	24	static
http_ssi.c:198:1:find_boundary	24	static
http_ssi.c:237:5:read_header_name	32	static
http_ssi.c:253:5:read_header_value	24	static
http_ssi.c:263:5:read_part_data	24	static
http_ssi.c:271:5:read_on_part_data_begin	24	static
http_ssi.c:280:5:read_on_headers_complete	24	static
http_ssi.c:290:5:read_on_part_data_end	24	static
http_ssi.c:298:5:read_on_body_end	24	static
http_ssi.c:305:14:http_parse_post	16	static
http_ssi.c:335:7:httpd_post_begin	32	static
http_ssi.c:385:7:httpd_post_receive_data	32	static
http_ssi.c:417:6:httpd_post_finished	48	static
http_ssi.c:490:6:http_server_init	8	static
