http_ssi.c:37:5:from_int_to_char	24	static
http_ssi.c:55:10:ssi_handler	24	static
http_ssi.c:88:13:CGIForm_Handler	32	static
http_ssi.c:145:1:find_header_name	24	static
http_ssi.c:165:1:find_boundary	24	static
http_ssi.c:204:5:read_header_name	32	static
http_ssi.c:220:5:read_header_value	24	static
http_ssi.c:230:5:read_part_data	24	static
http_ssi.c:238:5:read_on_part_data_begin	24	static
http_ssi.c:247:5:read_on_headers_complete	24	static
http_ssi.c:257:5:read_on_part_data_end	24	static
http_ssi.c:265:5:read_on_body_end	24	static
http_ssi.c:272:14:http_parse_post	16	static
http_ssi.c:302:7:httpd_post_begin	32	static
http_ssi.c:352:7:httpd_post_receive_data	32	static
http_ssi.c:385:6:httpd_post_finished	72	static
http_ssi.c:462:6:http_server_init	8	static
