../Drivers/CMSIS/Include/core_cm3.h:1876:26:ITM_SendChar	16	static,ignoring_inline_asm
../Core/Src/main.c:68:5:_write	32	static
../Core/Src/main.c:87:5:main	48	static
../Core/Src/main.c:178:6:SystemClock_Config	88	static
../Core/Src/main.c:226:13:MX_RTC_Init	16	static
../Core/Src/main.c:284:13:MX_USART1_UART_Init	8	static
../Core/Src/main.c:317:13:MX_GPIO_Init	40	static
../Core/Src/main.c:355:6:HAL_TIM_PeriodElapsedCallback	16	static
../Core/Src/main.c:372:6:Error_Handler	4	static,ignoring_inline_asm
