../Drivers/CMSIS/Include/core_cm3.h:1876:26:ITM_SendChar	16	static,ignoring_inline_asm
../Core/Src/main.c:90:5:_write	32	static
../Core/Src/main.c:103:7:median	32	static
../Core/Src/main.c:127:6:HAL_TIM_IC_CaptureCallback	136	static
../Core/Src/main.c:171:5:main	104	static
../Core/Src/main.c:257:6:SystemClock_Config	88	static
../Core/Src/main.c:304:13:MX_ADC1_Init	24	static
../Core/Src/main.c:351:13:MX_TIM1_Init	96	static
../Core/Src/main.c:426:13:MX_TIM2_Init	40	static
../Core/Src/main.c:472:13:MX_TIM3_Init	32	static
../Core/Src/main.c:520:13:MX_USART1_UART_Init	8	static
../Core/Src/main.c:551:13:MX_DMA_Init	16	static
../Core/Src/main.c:572:13:MX_GPIO_Init	40	static
../Core/Src/main.c:598:9:MenuButton_Debounce	16	static
../Core/Src/main.c:617:6:setTimer	16	static
../Core/Src/main.c:620:9:checkTimer	24	static
../Core/Src/main.c:634:6:StartDefaultTask	16	static
../Core/Src/main.c:710:6:Start_PWM_Task	16	static
../Core/Src/main.c:750:6:Start_ADC_Task	16	static
../Core/Src/main.c:770:6:HAL_TIM_PeriodElapsedCallback	16	static
../Core/Src/main.c:787:6:Error_Handler	4	static,ignoring_inline_asm
