../Drivers/CMSIS/Include/core_cm3.h:1876:26:ITM_SendChar	16	static,ignoring_inline_asm
../Core/Src/main.c:80:5:_write	32	static
../Core/Src/main.c:99:5:main	128	static
../Core/Src/main.c:191:6:SystemClock_Config	88	static
../Core/Src/main.c:236:13:MX_RTC_Init	16	static
../Core/Src/main.c:290:13:MX_USART1_UART_Init	8	static
../Core/Src/main.c:321:13:MX_GPIO_Init	40	static
../Core/Src/main.c:356:6:Start_Print_Task	32	static
../Core/Src/main.c:376:6:Start_ON_Task	48	static
../Core/Src/main.c:412:6:Start_OFF_Task	48	static
../Core/Src/main.c:448:6:HAL_TIM_PeriodElapsedCallback	16	static
../Core/Src/main.c:464:6:Error_Handler	4	static,ignoring_inline_asm
