stm32f4xx_hal_uart.c:356:19:HAL_UART_Init	16	static
stm32f4xx_hal_uart.c:433:19:HAL_HalfDuplex_Init	16	static
stm32f4xx_hal_uart.c:506:19:HAL_LIN_Init	16	static
stm32f4xx_hal_uart.c:587:19:HAL_MultiProcessor_Init	24	static
stm32f4xx_hal_uart.c:664:19:HAL_UART_DeInit	16	static
stm32f4xx_hal_uart.c:709:13:HAL_UART_MspInit	16	static
stm32f4xx_hal_uart.c:724:13:HAL_UART_MspDeInit	16	static
stm32f4xx_hal_uart.c:1135:19:HAL_UART_Transmit	48	static
stm32f4xx_hal_uart.c:1223:19:HAL_UART_Receive	48	static
stm32f4xx_hal_uart.c:1314:19:HAL_UART_Transmit_IT	24	static
stm32f4xx_hal_uart.c:1359:19:HAL_UART_Receive_IT	24	static
stm32f4xx_hal_uart.c:1394:19:HAL_UART_Transmit_DMA	56	static,ignoring_inline_asm
stm32f4xx_hal_uart.c:1462:19:HAL_UART_Receive_DMA	24	static
stm32f4xx_hal_uart.c:1492:19:HAL_UART_DMAPause	120	static,ignoring_inline_asm
stm32f4xx_hal_uart.c:1529:19:HAL_UART_DMAResume	120	static,ignoring_inline_asm
stm32f4xx_hal_uart.c:1565:19:HAL_UART_DMAStop	72	static,ignoring_inline_asm
stm32f4xx_hal_uart.c:1620:19:HAL_UARTEx_ReceiveToIdle	40	static
stm32f4xx_hal_uart.c:1747:19:HAL_UARTEx_ReceiveToIdle_IT	56	static,ignoring_inline_asm
stm32f4xx_hal_uart.c:1808:19:HAL_UARTEx_ReceiveToIdle_DMA	56	static,ignoring_inline_asm
stm32f4xx_hal_uart.c:1865:19:HAL_UART_Abort	136	static,ignoring_inline_asm
stm32f4xx_hal_uart.c:1954:19:HAL_UART_AbortTransmit	64	static,ignoring_inline_asm
stm32f4xx_hal_uart.c:2005:19:HAL_UART_AbortReceive	112	static,ignoring_inline_asm
stm32f4xx_hal_uart.c:2066:19:HAL_UART_Abort_IT	144	static,ignoring_inline_asm
stm32f4xx_hal_uart.c:2201:19:HAL_UART_AbortTransmit_IT	64	static,ignoring_inline_asm
stm32f4xx_hal_uart.c:2278:19:HAL_UART_AbortReceive_IT	112	static,ignoring_inline_asm
stm32f4xx_hal_uart.c:2356:6:HAL_UART_IRQHandler	240	static,ignoring_inline_asm
stm32f4xx_hal_uart.c:2594:13:HAL_UART_TxCpltCallback	16	static
stm32f4xx_hal_uart.c:2609:13:HAL_UART_TxHalfCpltCallback	16	static
stm32f4xx_hal_uart.c:2624:13:HAL_UART_RxCpltCallback	16	static
stm32f4xx_hal_uart.c:2639:13:HAL_UART_RxHalfCpltCallback	16	static
stm32f4xx_hal_uart.c:2654:13:HAL_UART_ErrorCallback	16	static
stm32f4xx_hal_uart.c:2668:13:HAL_UART_AbortCpltCallback	16	static
stm32f4xx_hal_uart.c:2683:13:HAL_UART_AbortTransmitCpltCallback	16	static
stm32f4xx_hal_uart.c:2698:13:HAL_UART_AbortReceiveCpltCallback	16	static
stm32f4xx_hal_uart.c:2715:13:HAL_UARTEx_RxEventCallback	16	static
stm32f4xx_hal_uart.c:2755:19:HAL_LIN_SendBreak	40	static,ignoring_inline_asm
stm32f4xx_hal_uart.c:2782:19:HAL_MultiProcessor_EnterMuteMode	40	static,ignoring_inline_asm
stm32f4xx_hal_uart.c:2809:19:HAL_MultiProcessor_ExitMuteMode	40	static,ignoring_inline_asm
stm32f4xx_hal_uart.c:2836:19:HAL_HalfDuplex_EnableTransmitter	24	static
stm32f4xx_hal_uart.c:2871:19:HAL_HalfDuplex_EnableReceiver	24	static
stm32f4xx_hal_uart.c:2928:23:HAL_UART_GetState	24	static
stm32f4xx_hal_uart.c:2943:10:HAL_UART_GetError	16	static
stm32f4xx_hal_uart.c:2988:13:UART_DMATransmitCplt	72	static,ignoring_inline_asm
stm32f4xx_hal_uart.c:3023:13:UART_DMATxHalfCplt	24	static
stm32f4xx_hal_uart.c:3042:13:UART_DMAReceiveCplt	120	static,ignoring_inline_asm
stm32f4xx_hal_uart.c:3099:13:UART_DMARxHalfCplt	24	static
stm32f4xx_hal_uart.c:3134:13:UART_DMAError	24	static
stm32f4xx_hal_uart.c:3175:26:UART_WaitOnFlagUntilTimeout	72	static,ignoring_inline_asm
stm32f4xx_hal_uart.c:3214:19:UART_Start_Receive_IT	24	static
stm32f4xx_hal_uart.c:3249:19:UART_Start_Receive_DMA	104	static,ignoring_inline_asm
stm32f4xx_hal_uart.c:3299:13:UART_EndTxTransfer	40	static,ignoring_inline_asm
stm32f4xx_hal_uart.c:3313:13:UART_EndRxTransfer	88	static,ignoring_inline_asm
stm32f4xx_hal_uart.c:3337:13:UART_DMAAbortOnError	24	static
stm32f4xx_hal_uart.c:3361:13:UART_DMATxAbortCallback	24	static
stm32f4xx_hal_uart.c:3407:13:UART_DMARxAbortCallback	24	static
stm32f4xx_hal_uart.c:3453:13:UART_DMATxOnlyAbortCallback	24	static
stm32f4xx_hal_uart.c:3481:13:UART_DMARxOnlyAbortCallback	24	static
stm32f4xx_hal_uart.c:3507:26:UART_Transmit_IT	24	static
stm32f4xx_hal_uart.c:3547:26:UART_EndTransmit_IT	16	static
stm32f4xx_hal_uart.c:3572:26:UART_Receive_IT	56	static,ignoring_inline_asm
stm32f4xx_hal_uart.c:3670:13:UART_SetConfig	160	static
