../LWIP/Target/ethernetif.c:158:6:HAL_ETH_RxCpltCallback	16	static
../LWIP/Target/ethernetif.c:167:6:HAL_ETH_TxCpltCallback	16	static
../LWIP/Target/ethernetif.c:176:6:HAL_ETH_ErrorCallback	16	static
../LWIP/Target/ethernetif.c:198:13:low_level_init	176	static
../LWIP/Target/ethernetif.c:360:14:low_level_output	88	static,ignoring_inline_asm
../LWIP/Target/ethernetif.c:415:22:low_level_input	24	static
../LWIP/Target/ethernetif.c:436:13:ethernetif_input	24	static
../LWIP/Target/ethernetif.c:493:7:ethernetif_init	16	static
../LWIP/Target/ethernetif.c:544:6:pbuf_free_custom	24	static
../LWIP/Target/ethernetif.c:567:7:sys_now	8	static
../LWIP/Target/ethernetif.c:580:6:HAL_ETH_MspInit	64	static
../LWIP/Target/ethernetif.c:637:6:HAL_ETH_MspDeInit	16	static
../LWIP/Target/ethernetif.c:683:9:ETH_PHY_IO_Init	8	static
../LWIP/Target/ethernetif.c:700:9:ETH_PHY_IO_DeInit	4	static
../LWIP/Target/ethernetif.c:712:9:ETH_PHY_IO_ReadReg	24	static
../LWIP/Target/ethernetif.c:729:9:ETH_PHY_IO_WriteReg	24	static
../LWIP/Target/ethernetif.c:743:9:ETH_PHY_IO_GetTick	8	static
../LWIP/Target/ethernetif.c:753:6:ethernet_link_thread	136	static
../LWIP/Target/ethernetif.c:823:6:HAL_ETH_RxAllocateCallback	32	static
../LWIP/Target/ethernetif.c:845:6:HAL_ETH_RxLinkCallback	56	static,ignoring_inline_asm
../LWIP/Target/ethernetif.c:885:6:HAL_ETH_TxFreeCallback	16	static
