../Core/Src/main.c:77:5:bufsize	24	static
../Core/Src/main.c:84:6:clear_buffer	16	static
../Core/Src/main.c:89:6:send_uart	24	static
../Core/Src/main.c:100:5:main	8	static
../Core/Src/main.c:265:6:SystemClock_Config	72	static
../Core/Src/main.c:305:13:MX_SPI1_Init	8	static
../Core/Src/main.c:343:13:MX_USART3_UART_Init	8	static
../Core/Src/main.c:376:13:MX_GPIO_Init	40	static
../Core/Src/main.c:409:6:HAL_TIM_PeriodElapsedCallback	16	static
../Core/Src/main.c:426:6:Error_Handler	4	static,ignoring_inline_asm
