core_cm4.h:2064:26:ITM_SendChar	16	static,ignoring_inline_asm
main.c:68:6:W5500_Select	8	static
main.c:72:6:W5500_Unselect	8	static
main.c:76:6:W5500_ReadBuff	16	static
main.c:80:6:W5500_WriteBuff	16	static
main.c:84:9:W5500_ReadByte	16	static
main.c:90:6:W5500_WriteByte	16	static
main.c:112:5:_write	32	static
main.c:125:5:main	48	static
main.c:228:6:SystemClock_Config	88	static
main.c:270:13:MX_SPI2_Init	8	static
main.c:306:13:MX_TIM2_Init	32	static
main.c:348:13:MX_GPIO_Init	48	static
main.c:404:6:Error_Handler	4	static,ignoring_inline_asm
