core_cm3.h:1876:26:ITM_SendChar	16	static,ignoring_inline_asm
main.c:105:5:_write	32	static
main.c:113:6:string_parse	16	static
main.c:121:6:UART2_RxCpltCallback	16	static
main.c:143:6:rgb_set	16	static
main.c:154:5:main	8	static
main.c:246:6:SystemClock_Config	72	static
main.c:285:13:MX_TIM3_Init	64	static
main.c:352:13:MX_USART2_UART_Init	8	static
main.c:385:13:MX_GPIO_Init	40	static
main.c:417:6:HAL_UART_RxCpltCallback	16	static
main.c:431:6:StartDefaultTask	16	static
main.c:448:6:Start_RGB_Task	16	static
main.c:473:6:Start_Bluetooth_Task	24	static
main.c:497:6:HAL_TIM_PeriodElapsedCallback	16	static
main.c:514:6:Error_Handler	4	static,ignoring_inline_asm
