core_cm3.h:1876:26:ITM_SendChar	16	static,ignoring_inline_asm
main.c:96:5:_write	32	static
main.c:104:6:string_parse	24	static
main.c:122:6:UART2_RxCpltCallback	16	static
main.c:144:6:rgb_set	16	static
main.c:155:5:main	8	static
main.c:249:6:SystemClock_Config	72	static
main.c:285:13:MX_TIM3_Init	64	static
main.c:348:13:MX_USART2_UART_Init	8	static
main.c:379:13:MX_GPIO_Init	40	static
main.c:410:6:HAL_UART_RxCpltCallback	16	static
main.c:424:6:StartDefaultTask	16	static
main.c:440:6:Start_RGB_Task	16	static
main.c:464:6:Start_Bluetooth_Task	24	static
main.c:487:6:HAL_TIM_PeriodElapsedCallback	16	static
main.c:503:6:Error_Handler	4	static,ignoring_inline_asm
