core_cm3.h:1499:26:__NVIC_GetPriorityGrouping	4	static
core_cm3.h:1511:22:__NVIC_EnableIRQ	16	static
core_cm3.h:1639:22:__NVIC_SetPriority	16	static
core_cm3.h:1686:26:NVIC_EncodePriority	40	static
stm32f1xx_ll_usart.h:411:22:LL_USART_Enable	16	static
stm32f1xx_ll_usart.h:1526:22:LL_USART_ConfigAsyncMode	16	static
stm32f1xx_ll_bus.h:447:22:LL_APB1_GRP1_EnableClock	24	static
stm32f1xx_ll_bus.h:763:22:LL_APB2_GRP1_EnableClock	24	static
stm32f1xx_ll_gpio.h:833:22:LL_GPIO_ResetOutputPin	16	static
main.c:66:5:main	8	static
main.c:111:6:SystemClock_Config	72	static
main.c:149:13:MX_USART1_UART_Init	56	static
main.c:202:13:MX_USART2_UART_Init	56	static
main.c:259:13:MX_GPIO_Init	32	static
main.c:319:6:Error_Handler	4	static,ignoring_inline_asm
