../Drivers/CMSIS/Include/core_cm3.h:1876:26:ITM_SendChar	16	static,ignoring_inline_asm
../Core/Src/main.c:84:5:_write	32	static
../Core/Src/main.c:103:5:main	88	static
../Core/Src/main.c:185:6:SystemClock_Config	88	static
../Core/Src/main.c:233:13:MX_RTC_Init	16	static
../Core/Src/main.c:291:13:MX_USART1_UART_Init	8	static
../Core/Src/main.c:324:13:MX_GPIO_Init	40	static
../Core/Src/main.c:360:6:Start_Cron_Task	56	static
../Core/Src/main.c:427:6:Start_Action_Task	56	static
../Core/Src/main.c:498:6:HAL_TIM_PeriodElapsedCallback	16	static
../Core/Src/main.c:515:6:Error_Handler	4	static,ignoring_inline_asm
