../Middlewares/Third_Party/SEGGER/SEGGER/SEGGER_SYSVIEW.c:425:12:_EncodeData	32	static
../Middlewares/Third_Party/SEGGER/SEGGER/SEGGER_SYSVIEW.c:470:12:_EncodeStr	32	static
../Middlewares/Third_Party/SEGGER/SEGGER/SEGGER_SYSVIEW.c:524:12:_PreparePacket	16	static
../Middlewares/Third_Party/SEGGER/SEGGER/SEGGER_SYSVIEW.c:541:13:_HandleIncomingPacket	16	static
../Middlewares/Third_Party/SEGGER/SEGGER/SEGGER_SYSVIEW.c:608:12:_TrySendOverflowPacket	56	static
../Middlewares/Third_Party/SEGGER/SEGGER/SEGGER_SYSVIEW.c:713:13:_SendPacket	48	static
../Middlewares/Third_Party/SEGGER/SEGGER/SEGGER_SYSVIEW.c:918:12:_VPrintHost	144	static,ignoring_inline_asm
../Middlewares/Third_Party/SEGGER/SEGGER/SEGGER_SYSVIEW.c:999:13:_StoreChar	48	static
../Middlewares/Third_Party/SEGGER/SEGGER/SEGGER_SYSVIEW.c:1041:13:_PrintUnsigned	48	static
../Middlewares/Third_Party/SEGGER/SEGGER/SEGGER_SYSVIEW.c:1132:13:_PrintInt	40	static
../Middlewares/Third_Party/SEGGER/SEGGER/SEGGER_SYSVIEW.c:1205:13:_VPrintTarget	104	static,ignoring_inline_asm
../Middlewares/Third_Party/SEGGER/SEGGER/SEGGER_SYSVIEW.c:1381:6:SEGGER_SYSVIEW_Init	32	static
../Middlewares/Third_Party/SEGGER/SEGGER/SEGGER_SYSVIEW.c:1432:6:SEGGER_SYSVIEW_SetRAMBase	16	static
../Middlewares/Third_Party/SEGGER/SEGGER/SEGGER_SYSVIEW.c:1446:6:SEGGER_SYSVIEW_RecordVoid	24	static,ignoring_inline_asm
../Middlewares/Third_Party/SEGGER/SEGGER/SEGGER_SYSVIEW.c:1466:6:SEGGER_SYSVIEW_RecordU32	40	static,ignoring_inline_asm
../Middlewares/Third_Party/SEGGER/SEGGER/SEGGER_SYSVIEW.c:1489:6:SEGGER_SYSVIEW_RecordU32x2	56	static,ignoring_inline_asm
../Middlewares/Third_Party/SEGGER/SEGGER/SEGGER_SYSVIEW.c:1514:6:SEGGER_SYSVIEW_RecordU32x3	64	static,ignoring_inline_asm
../Middlewares/Third_Party/SEGGER/SEGGER/SEGGER_SYSVIEW.c:1541:6:SEGGER_SYSVIEW_RecordU32x4	72	static,ignoring_inline_asm
../Middlewares/Third_Party/SEGGER/SEGGER/SEGGER_SYSVIEW.c:1570:6:SEGGER_SYSVIEW_RecordU32x5	80	static,ignoring_inline_asm
../Middlewares/Third_Party/SEGGER/SEGGER/SEGGER_SYSVIEW.c:1601:6:SEGGER_SYSVIEW_RecordU32x6	88	static,ignoring_inline_asm
../Middlewares/Third_Party/SEGGER/SEGGER/SEGGER_SYSVIEW.c:1634:6:SEGGER_SYSVIEW_RecordU32x7	96	static,ignoring_inline_asm
../Middlewares/Third_Party/SEGGER/SEGGER/SEGGER_SYSVIEW.c:1669:6:SEGGER_SYSVIEW_RecordU32x8	104	static,ignoring_inline_asm
../Middlewares/Third_Party/SEGGER/SEGGER/SEGGER_SYSVIEW.c:1706:6:SEGGER_SYSVIEW_RecordU32x9	112	static,ignoring_inline_asm
../Middlewares/Third_Party/SEGGER/SEGGER/SEGGER_SYSVIEW.c:1745:6:SEGGER_SYSVIEW_RecordU32x10	120	static,ignoring_inline_asm
../Middlewares/Third_Party/SEGGER/SEGGER/SEGGER_SYSVIEW.c:1780:6:SEGGER_SYSVIEW_RecordString	32	static,ignoring_inline_asm
../Middlewares/Third_Party/SEGGER/SEGGER/SEGGER_SYSVIEW.c:1816:6:SEGGER_SYSVIEW_Start	56	static,ignoring_inline_asm
../Middlewares/Third_Party/SEGGER/SEGGER/SEGGER_SYSVIEW.c:1871:6:SEGGER_SYSVIEW_Stop	16	static,ignoring_inline_asm
../Middlewares/Third_Party/SEGGER/SEGGER/SEGGER_SYSVIEW.c:1889:5:SEGGER_SYSVIEW_GetChannelID	4	static
../Middlewares/Third_Party/SEGGER/SEGGER/SEGGER_SYSVIEW.c:1901:6:SEGGER_SYSVIEW_GetSysDesc	56	static,ignoring_inline_asm
../Middlewares/Third_Party/SEGGER/SEGGER/SEGGER_SYSVIEW.c:1929:6:SEGGER_SYSVIEW_SendTaskInfo	80	static,ignoring_inline_asm
../Middlewares/Third_Party/SEGGER/SEGGER/SEGGER_SYSVIEW.c:1956:6:SEGGER_SYSVIEW_SendTaskList	8	static
../Middlewares/Third_Party/SEGGER/SEGGER/SEGGER_SYSVIEW.c:1986:6:SEGGER_SYSVIEW_SendSysDesc	32	static,ignoring_inline_asm
../Middlewares/Third_Party/SEGGER/SEGGER/SEGGER_SYSVIEW.c:2004:6:SEGGER_SYSVIEW_RecordSystime	24	static
../Middlewares/Third_Party/SEGGER/SEGGER/SEGGER_SYSVIEW.c:2028:6:SEGGER_SYSVIEW_RecordEnterISR	32	static,ignoring_inline_asm
../Middlewares/Third_Party/SEGGER/SEGGER/SEGGER_SYSVIEW.c:2055:6:SEGGER_SYSVIEW_RecordExitISR	16	static,ignoring_inline_asm
../Middlewares/Third_Party/SEGGER/SEGGER/SEGGER_SYSVIEW.c:2077:6:SEGGER_SYSVIEW_RecordExitISRToScheduler	16	static,ignoring_inline_asm
../Middlewares/Third_Party/SEGGER/SEGGER/SEGGER_SYSVIEW.c:2095:6:SEGGER_SYSVIEW_RecordEnterTimer	40	static,ignoring_inline_asm
../Middlewares/Third_Party/SEGGER/SEGGER/SEGGER_SYSVIEW.c:2113:6:SEGGER_SYSVIEW_RecordExitTimer	16	static,ignoring_inline_asm
../Middlewares/Third_Party/SEGGER/SEGGER/SEGGER_SYSVIEW.c:2131:6:SEGGER_SYSVIEW_RecordEndCall	40	static,ignoring_inline_asm
../Middlewares/Third_Party/SEGGER/SEGGER/SEGGER_SYSVIEW.c:2153:6:SEGGER_SYSVIEW_RecordEndCallU32	48	static,ignoring_inline_asm
../Middlewares/Third_Party/SEGGER/SEGGER/SEGGER_SYSVIEW.c:2172:6:SEGGER_SYSVIEW_OnIdle	16	static,ignoring_inline_asm
../Middlewares/Third_Party/SEGGER/SEGGER/SEGGER_SYSVIEW.c:2191:6:SEGGER_SYSVIEW_OnTaskCreate	40	static,ignoring_inline_asm
../Middlewares/Third_Party/SEGGER/SEGGER/SEGGER_SYSVIEW.c:2216:6:SEGGER_SYSVIEW_OnTaskTerminate	40	static,ignoring_inline_asm
../Middlewares/Third_Party/SEGGER/SEGGER/SEGGER_SYSVIEW.c:2240:6:SEGGER_SYSVIEW_OnTaskStartExec	40	static,ignoring_inline_asm
../Middlewares/Third_Party/SEGGER/SEGGER/SEGGER_SYSVIEW.c:2260:6:SEGGER_SYSVIEW_OnTaskStopExec	16	static,ignoring_inline_asm
../Middlewares/Third_Party/SEGGER/SEGGER/SEGGER_SYSVIEW.c:2278:6:SEGGER_SYSVIEW_OnTaskStartReady	40	static,ignoring_inline_asm
../Middlewares/Third_Party/SEGGER/SEGGER/SEGGER_SYSVIEW.c:2301:6:SEGGER_SYSVIEW_OnTaskStopReady	48	static,ignoring_inline_asm
../Middlewares/Third_Party/SEGGER/SEGGER/SEGGER_SYSVIEW.c:2324:6:SEGGER_SYSVIEW_MarkStart	40	static,ignoring_inline_asm
../Middlewares/Third_Party/SEGGER/SEGGER/SEGGER_SYSVIEW.c:2345:6:SEGGER_SYSVIEW_MarkStop	40	static,ignoring_inline_asm
../Middlewares/Third_Party/SEGGER/SEGGER/SEGGER_SYSVIEW.c:2366:6:SEGGER_SYSVIEW_Mark	48	static,ignoring_inline_asm
../Middlewares/Third_Party/SEGGER/SEGGER/SEGGER_SYSVIEW.c:2393:6:SEGGER_SYSVIEW_NameMarker	48	static,ignoring_inline_asm
../Middlewares/Third_Party/SEGGER/SEGGER/SEGGER_SYSVIEW.c:2421:6:SEGGER_SYSVIEW_NameResource	40	static,ignoring_inline_asm
../Middlewares/Third_Party/SEGGER/SEGGER/SEGGER_SYSVIEW.c:2462:6:SEGGER_SYSVIEW_HeapDefine	80	static,ignoring_inline_asm
../Middlewares/Third_Party/SEGGER/SEGGER/SEGGER_SYSVIEW.c:2511:6:SEGGER_SYSVIEW_HeapAlloc	72	static,ignoring_inline_asm
../Middlewares/Third_Party/SEGGER/SEGGER/SEGGER_SYSVIEW.c:2563:6:SEGGER_SYSVIEW_HeapAllocEx	80	static,ignoring_inline_asm
../Middlewares/Third_Party/SEGGER/SEGGER/SEGGER_SYSVIEW.c:2593:6:SEGGER_SYSVIEW_HeapFree	56	static,ignoring_inline_asm
../Middlewares/Third_Party/SEGGER/SEGGER/SEGGER_SYSVIEW.c:2623:5:SEGGER_SYSVIEW_SendPacket	32	static,ignoring_inline_asm
../Middlewares/Third_Party/SEGGER/SEGGER/SEGGER_SYSVIEW.c:2650:5:SEGGER_SYSVIEW_EncodeU32	24	static
../Middlewares/Third_Party/SEGGER/SEGGER/SEGGER_SYSVIEW.c:2677:5:SEGGER_SYSVIEW_EncodeString	24	static
../Middlewares/Third_Party/SEGGER/SEGGER/SEGGER_SYSVIEW.c:2703:5:SEGGER_SYSVIEW_EncodeData	24	static
../Middlewares/Third_Party/SEGGER/SEGGER/SEGGER_SYSVIEW.c:2731:5:SEGGER_SYSVIEW_EncodeId	24	static
../Middlewares/Third_Party/SEGGER/SEGGER/SEGGER_SYSVIEW.c:2759:5:SEGGER_SYSVIEW_ShrinkId	16	static
../Middlewares/Third_Party/SEGGER/SEGGER/SEGGER_SYSVIEW.c:2781:6:SEGGER_SYSVIEW_RegisterModule	24	static,ignoring_inline_asm
../Middlewares/Third_Party/SEGGER/SEGGER/SEGGER_SYSVIEW.c:2822:6:SEGGER_SYSVIEW_RecordModuleDescription	56	static,ignoring_inline_asm
../Middlewares/Third_Party/SEGGER/SEGGER/SEGGER_SYSVIEW.c:2863:6:SEGGER_SYSVIEW_SendModule	56	static,ignoring_inline_asm
../Middlewares/Third_Party/SEGGER/SEGGER/SEGGER_SYSVIEW.c:2902:6:SEGGER_SYSVIEW_SendModuleDescription	16	static
../Middlewares/Third_Party/SEGGER/SEGGER/SEGGER_SYSVIEW.c:2923:6:SEGGER_SYSVIEW_SendNumModules	32	static,ignoring_inline_asm
../Middlewares/Third_Party/SEGGER/SEGGER/SEGGER_SYSVIEW.c:2950:6:SEGGER_SYSVIEW_PrintfHostEx	28	static
../Middlewares/Third_Party/SEGGER/SEGGER/SEGGER_SYSVIEW.c:2984:6:SEGGER_SYSVIEW_PrintfHost	16	static
../Middlewares/Third_Party/SEGGER/SEGGER/SEGGER_SYSVIEW.c:3019:6:SEGGER_SYSVIEW_WarnfHost	16	static
../Middlewares/Third_Party/SEGGER/SEGGER/SEGGER_SYSVIEW.c:3054:6:SEGGER_SYSVIEW_ErrorfHost	16	static
../Middlewares/Third_Party/SEGGER/SEGGER/SEGGER_SYSVIEW.c:3087:6:SEGGER_SYSVIEW_PrintfTargetEx	28	static
../Middlewares/Third_Party/SEGGER/SEGGER/SEGGER_SYSVIEW.c:3106:6:SEGGER_SYSVIEW_PrintfTarget	16	static
../Middlewares/Third_Party/SEGGER/SEGGER/SEGGER_SYSVIEW.c:3125:6:SEGGER_SYSVIEW_WarnfTarget	16	static
../Middlewares/Third_Party/SEGGER/SEGGER/SEGGER_SYSVIEW.c:3144:6:SEGGER_SYSVIEW_ErrorfTarget	16	static
../Middlewares/Third_Party/SEGGER/SEGGER/SEGGER_SYSVIEW.c:3163:6:SEGGER_SYSVIEW_Print	48	static,ignoring_inline_asm
../Middlewares/Third_Party/SEGGER/SEGGER/SEGGER_SYSVIEW.c:3185:6:SEGGER_SYSVIEW_Warn	48	static,ignoring_inline_asm
../Middlewares/Third_Party/SEGGER/SEGGER/SEGGER_SYSVIEW.c:3207:6:SEGGER_SYSVIEW_Error	48	static,ignoring_inline_asm
../Middlewares/Third_Party/SEGGER/SEGGER/SEGGER_SYSVIEW.c:3229:6:SEGGER_SYSVIEW_EnableEvents	16	static
../Middlewares/Third_Party/SEGGER/SEGGER/SEGGER_SYSVIEW.c:3243:6:SEGGER_SYSVIEW_DisableEvents	16	static
../Middlewares/Third_Party/SEGGER/SEGGER/SEGGER_SYSVIEW.c:3258:5:SEGGER_SYSVIEW_IsStarted	8	static
