webserver.c:43:7:randomSSIDGeneration	24	static
webserver.c:62:6:restartSSID	8	static
webserver.c:78:6:MultiPartTabSelect	32	static
webserver.c:86:5:MultiPartTabCount	24	static
webserver.c:110:14:ssi_handler	64	static
webserver.c:219:13:FormCGI_Handler	56	static
webserver.c:249:13:LoginCGI_Handler	32	static
webserver.c:274:13:SelectCGI_Handler	56	static
webserver.c:305:13:RelayCGI_Handler	56	static
webserver.c:335:13:ButtonCGI_Handler	56	static
webserver.c:365:13:SettingCGI_Handler	56	static
webserver.c:394:13:TimerCGI_Handler	56	static
webserver.c:422:13:LogoutCGI_Handler	24	static
webserver.c:434:13:TabjsonCGI_Handler	56	static
webserver.c:476:7:httpd_post_begin	24	static
webserver.c:508:7:httpd_post_receive_data	1016	static
webserver.c:534:6:httpd_post_finished	24	static
webserver.c:556:6:http_server_init	8	static
