webserver.c:45:7:randomSSIDGeneration	24	static
webserver.c:64:6:restartSSID	8	static
webserver.c:72:5:MultiPartTabCount	24	static
webserver.c:93:14:ssi_handler	128	static
webserver.c:243:13:FormCGI_Handler	56	static
webserver.c:273:13:LoginCGI_Handler	32	static
webserver.c:298:13:SelectCGI_Handler	56	static
webserver.c:328:13:RelayCGI_Handler	56	static
webserver.c:357:13:ButtonCGI_Handler	56	static
webserver.c:386:13:SettingCGI_Handler	56	static
webserver.c:415:13:TimerCGI_Handler	56	static
webserver.c:443:13:LogoutCGI_Handler	24	static
webserver.c:455:13:TabjsonCGI_Handler	56	static
webserver.c:499:13:SelectSetCGI_Handler	64	static
webserver.c:544:7:httpd_post_begin	24	static
webserver.c:576:7:httpd_post_receive_data	1016	static
webserver.c:602:6:httpd_post_finished	24	static
webserver.c:624:6:http_server_init	8	static
