ethernetif.c:89:6:HAL_ETH_MspInit	64	static
ethernetif.c:144:6:HAL_ETH_MspDeInit	16	static
ethernetif.c:185:6:HAL_ETH_RxCpltCallback	16	static
ethernetif.c:204:13:low_level_init	72	static
ethernetif.c:327:14:low_level_output	48	static
ethernetif.c:411:22:low_level_input	56	static
ethernetif.c:500:6:ethernetif_input	24	static
ethernetif.c:559:7:ethernetif_init	16	static
ethernetif.c:606:7:sys_jiffies	8	static
ethernetif.c:617:7:sys_now	8	static
ethernetif.c:629:6:ethernetif_set_link	24	static
ethernetif.c:670:6:ethernetif_update_config	24	static
ethernetif.c:758:13:ethernetif_notify_conn_changed	16	static
