../Drivers/CMSIS/Include/core_cm3.h:1876:26:ITM_SendChar	16	static,ignoring_inline_asm
../Core/Src/main.c:76:5:_write	32	static
../Core/Src/main.c:95:5:main	8	static
../Core/Src/main.c:177:6:SystemClock_Config	72	static
../Core/Src/main.c:217:13:MX_USART3_UART_Init	8	static
../Core/Src/main.c:250:13:MX_GPIO_Init	40	static
../Core/Src/main.c:283:6:Start_ON_Task	16	static
../Core/Src/main.c:308:6:Start_OFF_Task	16	static
../Core/Src/main.c:350:6:HAL_TIM_PeriodElapsedCallback	16	static
../Core/Src/main.c:367:6:Error_Handler	4	static,ignoring_inline_asm
