../Drivers/CMSIS/Include/core_cm3.h:1876:26:ITM_SendChar	16	static,ignoring_inline_asm
../Core/Src/main.c:90:5:_write	32	static
../Core/Src/main.c:103:7:median	32	static
../Core/Src/main.c:134:6:HAL_TIM_IC_CaptureCallback	136	static
../Core/Src/main.c:179:5:main	104	static
../Core/Src/main.c:265:6:SystemClock_Config	88	static
../Core/Src/main.c:312:13:MX_ADC1_Init	24	static
../Core/Src/main.c:359:13:MX_TIM1_Init	96	static
../Core/Src/main.c:434:13:MX_TIM2_Init	40	static
../Core/Src/main.c:480:13:MX_TIM3_Init	32	static
../Core/Src/main.c:528:13:MX_USART1_UART_Init	8	static
../Core/Src/main.c:559:13:MX_DMA_Init	16	static
../Core/Src/main.c:580:13:MX_GPIO_Init	16	static
../Core/Src/main.c:604:6:StartDefaultTask	16	static
../Core/Src/main.c:623:6:Start_PWM_Task	24	static
../Core/Src/main.c:665:6:Start_ADC_Task	16	static
../Core/Src/main.c:686:6:HAL_TIM_PeriodElapsedCallback	16	static
../Core/Src/main.c:703:6:Error_Handler	4	static,ignoring_inline_asm
