DallasTemperature.c:47:13:BlockTillConversionComplete	24	static,ignoring_inline_asm
DallasTemperature.c:67:13:ActivateExternalPullup	16	static
DallasTemperature.c:75:13:DeactivateExternalPullup	16	static
DallasTemperature.c:97:6:DT_SetPullupPin	48	static
DallasTemperature.c:112:6:DT_SetOneWire	16	static
DallasTemperature.c:125:6:DT_Begin	88	static
DallasTemperature.c:154:9:DT_GetDeviceCount	16	static
DallasTemperature.c:159:9:DT_GetDS18Count	16	static
DallasTemperature.c:165:6:DT_ValidAddress	16	static
DallasTemperature.c:170:6:DT_ValidFamily	16	static
DallasTemperature.c:187:6:DT_GetAddress	88	static
DallasTemperature.c:205:6:DT_IsConnected	32	static
DallasTemperature.c:213:6:DT_IsConnected_ScratchPad	32	static
DallasTemperature.c:219:6:DT_ReadScratchPad	64	static
DallasTemperature.c:249:6:DT_WriteScratchPad	48	static
DallasTemperature.c:278:6:DT_ReadPowerSupply	40	static
DallasTemperature.c:313:6:DT_SetAllResolution	32	static
DallasTemperature.c:327:6:DT_SetResolution	56	static
DallasTemperature.c:384:9:DT_GetAllResolution	16	static
DallasTemperature.c:391:9:DT_GetResolution	32	static
DallasTemperature.c:423:6:DT_SetWaitForConversion	16	static
DallasTemperature.c:429:6:DT_GetWaitForConversion	16	static
DallasTemperature.c:437:6:DT_SetCheckForConversion	16	static
DallasTemperature.c:443:6:DT_GetCheckForConversion	16	static
DallasTemperature.c:448:6:DT_IsConversionComplete	32	static
DallasTemperature.c:457:6:DT_RequestTemperatures	24	static
DallasTemperature.c:471:6:DT_RequestTemperaturesByAddress	40	static
DallasTemperature.c:494:6:DT_RequestTemperaturesByIndex	24	static
DallasTemperature.c:503:9:DT_MillisToWaitForConversion	16	static
DallasTemperature.c:520:6:DT_SaveScratchPadByIndex	24	static
DallasTemperature.c:531:6:DT_SaveScratchPad	40	static
DallasTemperature.c:571:6:DT_RecallScratchPadByIndex	24	static
DallasTemperature.c:582:6:DT_RecallScratchPad	40	static,ignoring_inline_asm
DallasTemperature.c:617:6:DT_SetAutoSaveScratchPad	16	static
DallasTemperature.c:623:6:DT_GetAutoSaveScratchPad	16	static
DallasTemperature.c:629:7:DT_GetTempCByIndex	24	static
DallasTemperature.c:642:7:DT_GetTempFByIndex	24	static
DallasTemperature.c:655:9:DT_CalculateTemperature	24	static
DallasTemperature.c:697:9:DT_GetTemp	32	static
DallasTemperature.c:710:7:DT_GetTempC	16	static
DallasTemperature.c:720:7:DT_GetTempF	16	static
DallasTemperature.c:726:6:DT_IsParasitePowerMode	16	static
DallasTemperature.c:736:6:DT_SetUserData	40	static
DallasTemperature.c:751:9:DT_GetUserData	32	static
DallasTemperature.c:764:9:DT_GetUserDataByIndex	24	static
DallasTemperature.c:771:6:DT_SetUserDataByIndex	24	static
DallasTemperature.c:779:7:DT_ToFahrenheit	16	static
DallasTemperature.c:785:7:DT_ToCelsius	16	static
DallasTemperature.c:791:7:DT_RawToCelsius	16	static
DallasTemperature.c:800:7:DT_RawToFahrenheit	16	static
