../Drivers/CMSIS/Include/core_cm4.h:2064:26:ITM_SendChar	16	static,ignoring_inline_asm
../Core/Src/main.c:115:5:_write	32	static
../Core/Src/main.c:127:6:print_info	8	static
../Core/Src/main.c:182:5:main	8	static
../Core/Src/main.c:268:6:SystemClock_Config	88	static
../Core/Src/main.c:315:13:MX_RTC_Init	72	static
../Core/Src/main.c:397:13:MX_USART6_UART_Init	8	static
../Core/Src/main.c:430:13:MX_GPIO_Init	48	static
../Core/Src/main.c:463:6:HAL_RTC_AlarmAEventCallback	16	static
../Core/Src/main.c:479:6:StartDefaultTask	16	static
../Core/Src/main.c:497:6:Start_RTC_Task	24	static
../Core/Src/main.c:528:6:Start_Timers_Task	32	static
../Core/Src/main.c:607:6:HAL_TIM_PeriodElapsedCallback	16	static
../Core/Src/main.c:624:6:Error_Handler	4	static,ignoring_inline_asm
