core_cm3.h:1876:26:ITM_SendChar	16	static,ignoring_inline_asm
main.c:81:5:_write	32	static
main.c:88:6:string_parse	16	static
main.c:94:6:UART2_RxCpltCallback	16	static
main.c:121:5:main	16	static
main.c:173:6:SystemClock_Config	72	static
main.c:209:13:MX_TIM2_Init	32	static
main.c:251:13:MX_USART2_UART_Init	8	static
main.c:282:13:MX_GPIO_Init	40	static
main.c:315:6:HAL_UART_RxCpltCallback	16	static
main.c:330:6:HAL_TIM_PeriodElapsedCallback	16	static
main.c:354:6:Error_Handler	4	static,ignoring_inline_asm
