../Drivers/CMSIS/Include/core_cm3.h:1876:26:ITM_SendChar	16	static,ignoring_inline_asm
../Core/Src/main.c:56:5:_write	32	static
../Core/Src/main.c:92:6:MPU6050_Init	32	static
../Core/Src/main.c:125:6:MPU6050_Read_Accel	32	static
../Core/Src/main.c:148:6:MPU6050_Read_Gyro	32	static
../Core/Src/main.c:176:5:main	8	static
../Core/Src/main.c:235:6:SystemClock_Config	72	static
../Core/Src/main.c:275:13:MX_I2C1_Init	8	static
../Core/Src/main.c:309:13:MX_USART3_UART_Init	8	static
../Core/Src/main.c:342:13:MX_GPIO_Init	24	static
../Core/Src/main.c:364:6:HAL_TIM_PeriodElapsedCallback	16	static
../Core/Src/main.c:381:6:Error_Handler	4	static,ignoring_inline_asm
