../Core/Src/pn532_stm32f1.c:53:5:PN532_Reset	8	static
../Core/Src/pn532_stm32f1.c:63:6:PN532_Log	16	static
../Core/Src/pn532_stm32f1.c:67:6:PN532_Init	16	static
../Core/Src/pn532_stm32f1.c:77:9:reverse_bit	24	static
../Core/Src/pn532_stm32f1.c:87:6:spi_rw	24	static
../Core/Src/pn532_stm32f1.c:105:5:PN532_SPI_ReadData	56	dynamic
../Core/Src/pn532_stm32f1.c:116:5:PN532_SPI_WriteData	56	dynamic
../Core/Src/pn532_stm32f1.c:126:6:PN532_SPI_WaitReady	24	static
../Core/Src/pn532_stm32f1.c:141:5:PN532_SPI_Wakeup	16	static
../Core/Src/pn532_stm32f1.c:152:6:PN532_SPI_Init	24	static
