../Drivers/CMSIS/Include/core_cm3.h:1876:26:ITM_SendChar	16	static,ignoring_inline_asm
../Core/Src/main.c:64:5:_write	32	static
../Core/Src/main.c:76:6:W25Qxxx	88	static
../Core/Src/main.c:177:5:main	8	static
../Core/Src/main.c:234:6:SystemClock_Config	72	static
../Core/Src/main.c:274:13:MX_SPI2_Init	8	static
../Core/Src/main.c:312:13:MX_USART3_UART_Init	8	static
../Core/Src/main.c:343:13:MX_DMA_Init	16	static
../Core/Src/main.c:361:13:MX_GPIO_Init	40	static
../Core/Src/main.c:394:6:HAL_TIM_PeriodElapsedCallback	16	static
../Core/Src/main.c:411:6:Error_Handler	4	static,ignoring_inline_asm
