../Core/Src/uartRingBufDMA.c:39:6:Ringbuf_Init	8	static
../Core/Src/uartRingBufDMA.c:53:6:Ringbuf_Reset	8	static
../Core/Src/uartRingBufDMA.c:68:9:checkString	32	static
../Core/Src/uartRingBufDMA.c:109:9:isConfirmed	16	static
../Core/Src/uartRingBufDMA.c:124:5:waitFor	24	static
../Core/Src/uartRingBufDMA.c:197:5:copyUpto	40	static
../Core/Src/uartRingBufDMA.c:254:5:getAfter	32	static
../Core/Src/uartRingBufDMA.c:273:6:getDataFromBuffer	56	static
../Core/Src/uartRingBufDMA.c:335:6:HAL_UARTEx_RxEventCallback	24	static
