../Core/Src/w25qxx.c:34:9:W25qxx_Spi	32	static
../Core/Src/w25qxx.c:54:10:W25qxx_ReadID	24	static
../Core/Src/w25qxx.c:89:6:W25qxx_WriteEnable	8	static
../Core/Src/w25qxx.c:98:6:W25qxx_WriteDisable	8	static
../Core/Src/w25qxx.c:163:6:W25qxx_WaitForWriteEnd	8	static
../Core/Src/w25qxx.c:179:9:W25qxx_Init	16	static
../Core/Src/w25qxx.c:396:6:W25qxx_EraseChip	8	static
../Core/Src/w25qxx.c:417:6:W25qxx_EraseSector	16	static
../Core/Src/w25qxx.c:449:6:W25qxx_EraseBlock	16	static
../Core/Src/w25qxx.c:482:10:W25qxx_PageToSector	16	static
../Core/Src/w25qxx.c:488:10:W25qxx_PageToBlock	16	static
../Core/Src/w25qxx.c:494:10:W25qxx_SectorToBlock	16	static
../Core/Src/w25qxx.c:500:10:W25qxx_SectorToPage	16	static
../Core/Src/w25qxx.c:506:10:W25qxx_BlockToPage	16	static
../Core/Src/w25qxx.c:512:9:W25qxx_IsEmptyPage	288	static
../Core/Src/w25qxx.c:557:9:W25qxx_IsEmptySector	296	static
../Core/Src/w25qxx.c:638:9:W25qxx_IsEmptyBlock	296	static
../Core/Src/w25qxx.c:719:6:W25qxx_WriteByte	16	static
../Core/Src/w25qxx.c:750:6:W25qxx_WritePage	24	static
../Core/Src/w25qxx.c:792:6:W25qxx_WriteSector	40	static
../Core/Src/w25qxx.c:823:6:W25qxx_WriteBlock	40	static
../Core/Src/w25qxx.c:854:6:W25qxx_ReadByte	16	static
../Core/Src/w25qxx.c:880:6:W25qxx_ReadBytes	24	static
../Core/Src/w25qxx.c:920:6:W25qxx_ReadPage	24	static
../Core/Src/w25qxx.c:968:6:W25qxx_ReadSector	40	static
../Core/Src/w25qxx.c:999:6:W25qxx_ReadBlock	40	static
