../Core/Src/main.c:105:5:main	8	static
../Core/Src/main.c:194:6:SystemClock_Config	88	static
../Core/Src/main.c:252:13:MX_USART3_UART_Init	8	static
../Core/Src/main.c:287:13:MX_USB_OTG_FS_PCD_Init	8	static
../Core/Src/main.c:322:13:MX_GPIO_Init	56	static
../Core/Src/main.c:414:9:MenuButton_Debounce	16	static
../Core/Src/main.c:438:6:setTimer	16	static
../Core/Src/main.c:442:9:checkTimer	24	static
../Core/Src/main.c:457:6:StartDefaultTask	16	static
../Core/Src/main.c:524:6:StartTask_ON	16	static
../Core/Src/main.c:549:6:StartTask_OFF	16	static
../Core/Src/main.c:575:6:HAL_TIM_PeriodElapsedCallback	16	static
../Core/Src/main.c:592:6:Error_Handler	4	static,ignoring_inline_asm
