../Core/Src/stm32f7xx_it.c:72:6:NMI_Handler	4	static
../Core/Src/stm32f7xx_it.c:87:6:HardFault_Handler	4	static
../Core/Src/stm32f7xx_it.c:102:6:MemManage_Handler	4	static
../Core/Src/stm32f7xx_it.c:117:6:BusFault_Handler	4	static
../Core/Src/stm32f7xx_it.c:132:6:UsageFault_Handler	4	static
../Core/Src/stm32f7xx_it.c:147:6:DebugMon_Handler	4	static
../Core/Src/stm32f7xx_it.c:167:6:EXTI9_5_IRQHandler	8	static
../Core/Src/stm32f7xx_it.c:182:6:EXTI15_10_IRQHandler	8	static
../Core/Src/stm32f7xx_it.c:196:6:TIM8_TRG_COM_TIM14_IRQHandler	8	static
